
> teleprompter-mvp@0.2.0 build
> vite build

vite v5.4.21 building for production...
transforming...
✓ 52 modules transformed.
rendering chunks...
computing gzip size...
dist/registerSW.js                0.13 kB
dist/manifest.webmanifest         0.44 kB
dist/index.html                   0.51 kB │ gzip:  0.31 kB
dist/assets/index-KYdmWExj.css    0.14 kB │ gzip:  0.14 kB
dist/assets/index-CaBodALO.js   189.65 kB │ gzip: 61.21 kB
✓ built in 1.20s

PWA v0.20.5
mode      generateSW
precache  9 entries (189.31 KiB)
files generated
  dist/sw.js
  dist/workbox-9c191d2f.js
